// Jest Snapshot v1, https://goo.gl/fbAQLP

exports[`Testing if component renders properly Snapshot Testing 1`] = `
<DocumentFragment>
  <div
    class="islvRoot"
    data-testid="islv_rootDiv"
    style="height: 400px;"
  >
    <ul
      class="MuiList-root makeStyles-listContent-1 MuiList-padding"
    >
      <li
        class="MuiListItem-root makeStyles-listItem-2 islvIsNotFlagged MuiListItem-gutters MuiListItem-alignItemsFlexStart"
        data-testid="islv_1"
      >
        <div
          class="MuiListItemText-root MuiListItemText-multiline"
        >
          <span
            class="MuiTypography-root MuiListItemText-primary MuiTypography-body1 MuiTypography-displayBlock"
          >
            Alan1
          </span>
          <p
            class="MuiTypography-root MuiListItemText-secondary MuiTypography-body2 MuiTypography-colorTextSecondary MuiTypography-displayBlock"
          >
            this is just a previewthis is just a previewthis is just a preview this is just a preview this is just a preview this is just a preview this is just a preview
          </p>
        </div>
        <div
          class="MuiListItemText-root makeStyles-listRightContent-4"
        >
          <p
            class="MuiTypography-root MuiListItemText-secondary MuiTypography-body2 MuiTypography-colorTextSecondary MuiTypography-displayBlock"
          >
            04/12/2020
          </p>
        </div>
      </li>
      <li
        class="MuiDivider-root"
        role="separator"
      />
    </ul>
  </div>
</DocumentFragment>
`;
