// Jest Snapshot v1, https://goo.gl/fbAQLP

exports[`Testing if component renders properly Snapshot Testing 1`] = `
<DocumentFragment>
  <div
    class="card"
  >
    <div
      class="card_header"
    >
      <div
        class="header_checkbox"
      >
        <input
          data-testid="input-checkbox"
          type="checkbox"
        />
      </div>
      <div
        class="header_content"
      >
        <span />
        <span
          class="text_secondary"
        >
          0/2 selected
        </span>
      </div>
    </div>
    <hr
      class="divider"
    />
    <div
      class="card_content"
    >
      <input
        class="content_form_control"
        data-testid="input-filter"
        placeholder="type to filter"
        type="text"
        value=""
      />
      <select
        class="content_form_control"
        data-testid="select-multiple"
        multiple=""
        size="2"
      >
        <option
          data-testid="select-multiple-option"
          value="value1"
        >
          Value 1
        </option>
        <option
          data-testid="select-multiple-option"
          value="value2"
        >
          Value 2
        </option>
      </select>
    </div>
  </div>
</DocumentFragment>
`;
